// Jest Snapshot v1, https://goo.gl/fbAQLP

exports[`Customer schema 1`] = `
{
  "errorMessage": "",
  "errorPath": [],
  "isValid": true,
  "properties": {
    "dob": {
      "errorMessage": "",
      "errorPath": [],
      "isValid": true,
    },
    "height": {
      "errorMessage": "",
      "errorPath": [],
      "isValid": true,
    },
    "name": {
      "errorMessage": "",
      "errorPath": [],
      "isValid": true,
    },
  },
}
`;
